accountsservice
acl
adduser
adwaita-icon-theme
adwaita-icon-theme-full
adwaita-qt
alsa-base
alsa-utils
anacron
apg
apparmor
apport
apport-symptoms
appstream
apt
apt-clone
apt-file
apt-transport-https
apt-utils
apt-xapian-index
arc-theme
ark
aspell
aspell-en
at-spi2-core
autoconf
autoconf-doc
automake
avahi-autoipd
avahi-daemon
avahi-discover
avahi-dnsconfd
avahi-ui-utils
avahi-utils
aws-okta
baloo-kf5
base-files
base-passwd
bash
bash-completion
bc
bind9-host
binutils-doc
bison
bison-doc
breeze
breeze-cursor-theme
breeze-gtk-theme
breeze-icon-theme
bsdmainutils
bsdutils
build-essential
busybox-initramfs
busybox-static
bzip2
ca-certificates
ca-certificates-java
calibre
catdoc
cdparanoia
cdrdao
cdrskin
cloud-init
code
command-not-found
command-not-found-data
console-setup
console-setup-linux
context
coreutils
cpio
cpp
cpp-7
cracklib-runtime
crda
cron
cryfs
cryptsetup
cryptsetup-bin
cups-pk-helper
curl
dash
dbus
dbus-x11
dc
dconf-gsettings-backend
dconf-service
debconf
debconf-i18n
debianutils
deepin-icon-theme
dictionaries-common
diffutils
dirmngr
distro-info-data
dmidecode
dmsetup
dns-root-data
dnsmasq-base
dnsutils
docbook-xml
docbook-xsl
docker-ce
docker-ce-cli
dolphin
dosfstools
dpkg
dvidvi
dvipng
e2fsprogs
eatmydata
ec2-hibinit-agent
ed
efibootmgr
emacs
emacsen-common
enchant
exuberant-ctags
fdisk
ffmpeg
ffmpegthumbs
file
findutils
firefox
firefox-locale-en
flameshot
flex
flex-doc
fontconfig
fontconfig-config
fonts-beng
fonts-beng-extra
fonts-dejavu
fonts-dejavu-core
fonts-dejavu-extra
fonts-deva
fonts-deva-extra
fonts-droid-fallback
fonts-font-awesome
fonts-freefont-ttf
fonts-gargi
fonts-gubbi
fonts-gujr
fonts-gujr-extra
fonts-guru
fonts-guru-extra
fonts-hack
fonts-hack-ttf
fonts-indic
fonts-kacst
fonts-kacst-one
fonts-kalapi
fonts-khmeros-core
fonts-knda
fonts-lao
fonts-lato
fonts-liberation
fonts-liberation2
fonts-lklug-sinhala
fonts-lohit-beng-assamese
fonts-lohit-beng-bengali
fonts-lohit-deva
fonts-lohit-gujr
fonts-lohit-guru
fonts-lohit-knda
fonts-lohit-mlym
fonts-lohit-orya
fonts-lohit-taml
fonts-lohit-taml-classical
fonts-lohit-telu
fonts-mlym
fonts-nakula
fonts-navilu
fonts-noto
fonts-noto-cjk
fonts-noto-hinted
fonts-noto-mono
fonts-noto-unhinted
fonts-opensymbol
fonts-orya
fonts-orya-extra
fonts-oxygen
fonts-pagul
fonts-sahadeva
fonts-samyak-deva
fonts-samyak-gujr
fonts-samyak-mlym
fonts-samyak-taml
fonts-sarai
fonts-sil-abyssinica
fonts-sil-padauk
fonts-smc
fonts-smc-anjalioldlipi
fonts-smc-chilanka
fonts-smc-dyuthi
fonts-smc-karumbi
fonts-smc-keraleeyam
fonts-smc-manjari
fonts-smc-meera
fonts-smc-rachana
fonts-smc-raghumalayalamsans
fonts-smc-suruma
fonts-smc-uroob
fonts-taml
fonts-telu
fonts-telu-extra
fonts-thai-tlwg
fonts-tibetan-machine
fonts-tlwg-garuda
fonts-tlwg-garuda-ttf
fonts-tlwg-kinnari
fonts-tlwg-kinnari-ttf
fonts-tlwg-laksaman
fonts-tlwg-laksaman-ttf
fonts-tlwg-loma
fonts-tlwg-loma-ttf
fonts-tlwg-mono
fonts-tlwg-mono-ttf
fonts-tlwg-norasi
fonts-tlwg-norasi-ttf
fonts-tlwg-purisa
fonts-tlwg-purisa-ttf
fonts-tlwg-sawasdee
fonts-tlwg-sawasdee-ttf
fonts-tlwg-typewriter
fonts-tlwg-typewriter-ttf
fonts-tlwg-typist
fonts-tlwg-typist-ttf
fonts-tlwg-typo
fonts-tlwg-typo-ttf
fonts-tlwg-umpush
fonts-tlwg-umpush-ttf
fonts-tlwg-waree
fonts-tlwg-waree-ttf
fonts-ubuntu
foomatic-db-compressed-ppds
frameworkintegration
freepats
freerdp-x11
friendly-recovery
fswatch
ftp
fuse
fuse-zip
fwupd
fwupdate
fwupdate-signed
g++
gcc-7-base
gcc-8-base
gcc-doc
gconf-service
gconf-service-backend
gconf2-common
gdb
gdbserver
gdisk
genisoimage
geoclue-2.0
geoip-database
gettext
gettext-base
ghc
ghostscript
ghostscript-x
gifski
gimp
gimp-data-extras
gimp-help-en
gir1.2-atk-1.0
gir1.2-freedesktop
gir1.2-gdkpixbuf-2.0
gir1.2-glib-2.0
gir1.2-gtk-3.0
gir1.2-notify-0.7
gir1.2-packagekitglib-1.0
gir1.2-pango-1.0
gir1.2-polkit-1.0
gir1.2-secret-1
git
git-big-picture
glib-networking
glib-networking-common
glib-networking-services
gnome-mime-data
gnome-themes-extra
gnu-standards
gnupg
gnupg-agent
gnupg-l10n
gnupg-utils
gnupg2
go-mtpfs
google-chrome-stable
google-drive-ocamlfuse
gpg
gpg-agent
gpg-wks-client
gpg-wks-server
gpgconf
gpgsm
gpgv
grep
groff
groff-base
growisofs
gsettings-desktop-schemas
gsfonts
gstreamer-qapt
gstreamer1.0-plugins-base
gstreamer1.0-plugins-good
gstreamer1.0-pulseaudio
gstreamer1.0-x
gtk-theme-switch
gtk-update-icon-cache
gtk2-engines-pixbuf
gtk3-engines-xfce
gwenview
gzip
hdparm
hibagent
hicolor-icon-theme
hostname
hplip-data
humanity-icon-theme
hunspell-en-us
i965-va-driver
icoutils
ieee-data
iftop
ifupdown
iio-sensor-proxy
im-config
imagemagick
imagemagick-6-common
imagemagick-6.q16
indicator-application
info
init
init-system-helpers
ink-generator
inkscape
inkscape-open-symbols
inotify-tools
inputattach
install-info
iputils-arping
iputils-ping
iputils-tracepath
isc-dhcp-client
isc-dhcp-common
iso-codes
iw
javascript-common
jq
keepassxc
key-mon
keyboard-configuration
language-pack-en
language-pack-en-base
language-pack-kde-en
language-selector-common
laptop-detect
less
linux-sound-base
linuxbrew-wrapper
locales
login
logrotate
lp-solve
lsb-base
lsb-release
lshw
lsof
ltrace
make
make-doc
man-db
manpages
markdown
materia-gtk-theme
mawk
mdp
media-player-info
memtest86+
menu
mesa-va-drivers
mesa-vdpau-drivers
milou
mime-support
mlocate
mlterm
modemmanager
mokutil
monkeysphere
mosh
mount
mscompress
mtr-tiny
mugshot
multiarch-support
muon
mysql-client-core-5.7
mysql-common
mysql-server-core-5.7
nano
ncurses-base
ncurses-bin
neovim
net-tools
netbase
netcat-openbsd
nethogs
netpbm
netplan.io
nmap
nodejs
nodejs-doc
notable
nplan
npm
ntfs-3g
ntp
ntpdate
ntrack-module-libnl-0
openclipart
openclipart-libreoffice
openprinting-ppds
openssh-client
openssh-server
openssl
os-prober
oxygen-icon-theme
oxygen-sounds
oxygen5-icon-theme
p7zip
p7zip-full
packagekit
packagekit-tools
pandoc
pandoc-citeproc
paperkey
paprefs
passwd
pastebinit
perl
perl-base
perl-modules-5.26
perl-openssl-defaults
pinta
plymouth
plymouth-label
plymouth-theme-ubuntu-text
policykit-1
policykit-desktop-privileges
poppler-data
poppler-utils
popularity-contest
postgresql-client-10
ppp
pptp-linux
print-manager
printer-driver-brlaser
printer-driver-c2esp
printer-driver-foo2zjs-common
printer-driver-m2300w
printer-driver-min12xxw
printer-driver-pnm2ppa
printer-driver-ptouch
printer-driver-pxljr
printer-driver-sag-gdi
procps
psmisc
publicsuffix
pulseaudio
pulseaudio-module-bluetooth
pulseaudio-module-gconf
pulseaudio-module-zeroconf
pulseaudio-utils
pwgen
python
qpdf
qt-at-spi
qt5-gtk-platformtheme
qt5-image-formats-plugins
qtchooser
qtcore4-l10n
qtdeclarative5-qtquick2-plugin
qtspeech5-flite-plugin
qttranslations5-l10n
qtvirtualkeyboard-plugin
rake
readline-common
rfkill
rsync
rsyslog
rtkit
ruby
ruby-did-you-mean
ruby-minitest
ruby-net-telnet
ruby-power-assert
ruby-test-unit
ruby2.5
rubygems-integration
s3fs
sane-utils
sbsigntool
sddm
sddm-theme-breeze
secureboot-db
sed
sensible-utils
session-migration
sgml-base
sgml-data
shared-mime-info
shiki-colors-xfwm-theme
shim-signed
signon-kwallet-extension
signon-plugin-oauth2
signon-plugin-password
signon-ui-service
signon-ui-x11
signond
silversearcher-ag
skanlite
snapd
sni-qt
socat
software-properties-common
software-properties-kde
sonnet-plugins
sound-theme-freedesktop
sox
sozi
spice-vdagent
squashfs-tools
sshfs
sshuttle
ssl-cert
strace
suckless-tools
sudo
synaptic
system-config-printer
system-config-printer-common
system-config-printer-udev
systemd
systemd-sysv
systemsettings
sysvinit-utils
tar
tcpdump
telnet
terminator
texlive-latex-extra
texlive-latex-recommended
texlive-luatex
texlive-xetex
tidy
tigervnc-standalone-server
tigervnc-viewer
time
tropic-theme
ttf-ubuntu-font-family
twolame
tzdata
ubuntu-advantage-tools
ubuntu-drivers-common
ubuntu-keyring
ubuntu-minimal
ubuntu-mono
ubuntu-release-upgrader-core
ubuntu-release-upgrader-qt
ubuntu-server
ubuntu-standard
ucf
udev
udisks2
ufw
unattended-upgrades
unity-mail
uno-libs3
unzip
update-inetd
update-manager-core
upower
ure
ureadahead
user-manager
util-linux
uuid-runtime
va-driver-all
vcdimager
vdpau-driver-all
vim
vim-common
vim-scripts
vim-tiny
virtualenv
w3m
wamerican
wget
whiptail
whois
whoopsie
whoopsie-preferences
wkhtmltopdf
wmctrl
wodim
wpasupplicant
x11-apps
x11-common
x11-session-utils
x11-utils
x11-xkb-utils
x11-xserver-utils
x2goclient
x2goserver
x2goserver-xsession
xauth
xbitmaps
xclip
xdg-desktop-portal-kde
xdg-user-dirs
xdg-utils
xfce4
xfce4-goodies
xfce4-messenger-plugin
xfce4-notifyd
xfonts-base
xfonts-encodings
xfonts-scalable
xfonts-utils
xfpanel-switch
xfwm4-theme-breeze
xfwm4-themes
xinit
xinput
xkb-data
xml-core
xmonad
xnest
xorg-docs-core
xournal
xserver-common
xserver-xephyr
xserver-xorg-core-hwe-18.04
xserver-xorg-hwe-18.04
xserver-xorg-input-all-hwe-18.04
xserver-xorg-input-libinput-hwe-18.04
xserver-xorg-input-wacom-hwe-18.04
xserver-xorg-legacy-hwe-18.04
xserver-xorg-video-all-hwe-18.04
xserver-xorg-video-amdgpu-hwe-18.04
xserver-xorg-video-ati-hwe-18.04
xserver-xorg-video-fbdev-hwe-18.04
xserver-xorg-video-intel-hwe-18.04
xserver-xorg-video-nouveau-hwe-18.04
xserver-xorg-video-qxl-hwe-18.04
xserver-xorg-video-radeon-hwe-18.04
xserver-xorg-video-vesa-hwe-18.04
xserver-xorg-video-vmware-hwe-18.04
xterm
xul-ext-ubufox
xxd
xz-utils
zip
zlib1g
zsh
zsh-doc
